// Jest Snapshot v1, https://goo.gl/fbAQLP

exports[`renders correctly 1`] = `
<View
  style={
    Array [
      Object {
        "alignItems": "center",
        "justifyContent": "center",
      },
      Object {
        "paddingTop": 266.8,
      },
    ]
  }
>
  <View
    collapsable={undefined}
    style={Object {}}
  >
    <View
      collapsable={undefined}
      style={
        Object {
          "alignItems": "flex-start",
          "alignSelf": "center",
          "height": 194,
          "width": 194,
        }
      }
    >
      <View
        accessibilityComponentType={undefined}
        accessibilityLabel={undefined}
        accessibilityTraits={undefined}
        accessible={true}
        hitSlop={undefined}
        nativeID={undefined}
        onLayout={undefined}
        onResponderGrant={[Function]}
        onResponderMove={[Function]}
        onResponderRelease={[Function]}
        onResponderTerminate={[Function]}
        onResponderTerminationRequest={[Function]}
        onStartShouldSetResponder={[Function]}
        style={
          Object {
            "alignItems": "center",
            "backgroundColor": "#24B2EA",
            "borderRadius": 8,
            "elevation": 8,
            "height": 194,
            "justifyContent": "center",
            "position": "absolute",
            "shadowColor": "grey",
            "shadowOpacity": 1,
            "shadowRadius": 8,
            "width": 194,
          }
        }
        testID={undefined}
      >
        <Text
          accessible={true}
          allowFontScaling={true}
          ellipsizeMode="tail"
          style={
            Object {
              "backgroundColor": "transparent",
              "color": "#FFFFFF",
              "fontSize": 154,
            }
          }
        >
          15
        </Text>
      </View>
    </View>
  </View>
  <View
    accessibilityComponentType={undefined}
    accessibilityLabel={undefined}
    accessibilityTraits={undefined}
    accessible={true}
    collapsable={undefined}
    hasTVPreferredFocus={undefined}
    hitSlop={undefined}
    isTVSelectable={true}
    nativeID={undefined}
    onLayout={undefined}
    onResponderGrant={[Function]}
    onResponderMove={[Function]}
    onResponderRelease={[Function]}
    onResponderTerminate={[Function]}
    onResponderTerminationRequest={[Function]}
    onStartShouldSetResponder={[Function]}
    style={
      Object {
        "opacity": 1,
      }
    }
    testID={undefined}
    tvParallaxProperties={undefined}
  >
    <Text
      accessible={true}
      allowFontScaling={true}
      ellipsizeMode="tail"
      style={
        Array [
          Object {
            "alignSelf": "center",
            "color": "white",
            "fontFamily": "Cochin",
            "justifyContent": "center",
          },
          Object {
            "fontSize": 169,
            "marginTop": 133.4,
          },
        ]
      }
    >
      9
    </Text>
  </View>
</View>
`;
